../Core/Src/main.c:51:5:main	16	static
../Core/Src/main.c:119:10:Read_ADC_Channel	40	static
../Core/Src/main.c:137:6:MAX7219_SetPixel	24	static
../Core/Src/main.c:158:6:MAX7219_Flush	16	static
../Core/Src/main.c:173:6:MAX7219_Clear	8	static
../Core/Src/main.c:178:6:Screen_Init	32	static
../Core/Src/main.c:197:6:SystemClock_Config	88	static
../Core/Src/main.c:215:13:MX_ADC1_Init	16	static
../Core/Src/main.c:234:13:MX_SPI1_Init	8	static
../Core/Src/main.c:249:13:MX_GPIO_Init	32	static
../Core/Src/main.c:280:6:Error_Handler	4	static,ignoring_inline_asm
